2025-04-04 04:35:51.201881 - Received CBT.V508.FILE117.PDS from FILE117.XMI 
2025-04-04 04:35:51.202972 - Found $$$#DATE.txt (text/plain) in CBT.V508.FILE117.PDS, moved to PDS/$$$#DATE
2025-04-04 04:35:51.203126 - Found $DOCWTOE.txt (text/plain) in CBT.V508.FILE117.PDS, moved to PDS/$DOCWTOE
2025-04-04 04:35:51.203311 - Found @FILE117.txt (text/plain) in CBT.V508.FILE117.PDS, moved to PDS/@FILE117
2025-04-04 04:35:51.203465 - Found IEAVMXIT.txt (text/plain) in CBT.V508.FILE117.PDS, moved to PDS/IEAVMXIT
2025-04-04 04:35:51.203600 - Found MPFLST00.txt (text/plain) in CBT.V508.FILE117.PDS, moved to PDS/MPFLST00
2025-04-04 04:35:51.203742 - Found NEWGENER.txt (text/plain) in CBT.V508.FILE117.PDS, moved to PDS/NEWGENER
2025-04-04 04:35:51.203902 - Found REGEQU.txt (text/plain) in CBT.V508.FILE117.PDS, moved to PDS/REGEQU
2025-04-04 04:35:51.204048 - Found USERCVT.txt (text/plain) in CBT.V508.FILE117.PDS, moved to PDS/USERCVT
2025-04-04 04:35:51.204183 - Found WTODB103.txt (text/plain) in CBT.V508.FILE117.PDS, moved to PDS/WTODB103
2025-04-04 04:35:51.204317 - Found WTOD1001.txt (text/plain) in CBT.V508.FILE117.PDS, moved to PDS/WTOD1001
2025-04-04 04:35:51.204455 - Found WTOECVT.txt (text/plain) in CBT.V508.FILE117.PDS, moved to PDS/WTOECVT
2025-04-04 04:35:51.204585 - Found WTOEDB30.txt (text/plain) in CBT.V508.FILE117.PDS, moved to PDS/WTOEDB30
2025-04-04 04:35:51.204728 - Found WTOEF97I.txt (text/plain) in CBT.V508.FILE117.PDS, moved to PDS/WTOEF97I
2025-04-04 04:35:51.204874 - Found WTOEIUTL.txt (text/plain) in CBT.V508.FILE117.PDS, moved to PDS/WTOEIUTL
2025-04-04 04:35:51.205015 - Found WTOEI000.txt (text/plain) in CBT.V508.FILE117.PDS, moved to PDS/WTOEI000
2025-04-04 04:35:51.205156 - Found WTOEI554.txt (text/plain) in CBT.V508.FILE117.PDS, moved to PDS/WTOEI554
2025-04-04 04:35:51.205272 - Found WTOEI996.txt (text/plain) in CBT.V508.FILE117.PDS, moved to PDS/WTOEI996
2025-04-04 04:35:51.205416 - Found WTOENROL.txt (text/plain) in CBT.V508.FILE117.PDS, moved to PDS/WTOENROL
2025-04-04 04:35:51.205540 - Found WTOERD.txt (text/plain) in CBT.V508.FILE117.PDS, moved to PDS/WTOERD
2025-04-04 04:35:51.205658 - Found WTOERHLD.txt (text/plain) in CBT.V508.FILE117.PDS, moved to PDS/WTOERHLD
2025-04-04 04:35:51.205805 - Found WTOERM.txt (text/plain) in CBT.V508.FILE117.PDS, moved to PDS/WTOERM
2025-04-04 04:35:51.205929 - Found WTOERNHL.txt (text/plain) in CBT.V508.FILE117.PDS, moved to PDS/WTOERNHL
2025-04-04 04:35:51.206043 - Found WTOEROLL.txt (text/plain) in CBT.V508.FILE117.PDS, moved to PDS/WTOEROLL
2025-04-04 04:35:51.206158 - Found WTOERU.txt (text/plain) in CBT.V508.FILE117.PDS, moved to PDS/WTOERU
2025-04-04 04:35:51.206268 - Found WTOERWAT.txt (text/plain) in CBT.V508.FILE117.PDS, moved to PDS/WTOERWAT
2025-04-04 04:35:51.206387 - Found WTOERY.txt (text/plain) in CBT.V508.FILE117.PDS, moved to PDS/WTOERY
2025-04-04 04:35:51.206505 - Found WTOER301.txt (text/plain) in CBT.V508.FILE117.PDS, moved to PDS/WTOER301
2025-04-04 04:35:51.206677 - Found WTOETPS1.txt (text/plain) in CBT.V508.FILE117.PDS, moved to PDS/WTOETPS1
2025-04-04 04:35:51.206790 - Found WTOETPS2.txt (text/plain) in CBT.V508.FILE117.PDS, moved to PDS/WTOETPS2
2025-04-04 04:35:51.207124 - Found WTOEUCVT.txt (text/plain) in CBT.V508.FILE117.PDS, moved to PDS/WTOEUCVT
2025-04-04 04:35:51.207298 - Found WTOE176I.txt (text/plain) in CBT.V508.FILE117.PDS, moved to PDS/WTOE176I
2025-04-04 04:35:51.207437 - Found WTOE315I.txt (text/plain) in CBT.V508.FILE117.PDS, moved to PDS/WTOE315I
2025-04-04 04:35:51.207561 - Found WTOE362A.txt (text/plain) in CBT.V508.FILE117.PDS, moved to PDS/WTOE362A
